// Jest Snapshot v1, https://goo.gl/fbAQLP

exports[`Loader should render 1`] = `
Object {
  "asFragment": [Function],
  "baseElement": <body>
    <div>
      <div
        class="sheet"
      >
        <div
          class="sheet__header"
        >
          <h1>
            Sheet Title
          </h1>
          <div>
            <div
              class="link-button"
              role="button"
            >
              <div
                class="icon"
                style="width: 14px; height: 14px;"
              >
                <svg
                  height="14"
                  viewBox="0 0 24 24"
                  width="14"
                  xmlns="http://www.w3.org/2000/svg"
                >
                  <path
                    d="M12 2a10 10 0 110 20 10 10 0 010-20zm0-2a12 12 0 100 24 12 12 0 000-24zm6 13h-5v5h-2v-5H6v-2h5V6h2v5h5v2z"
                  />
                </svg>
              </div>
              <span>
                Add something
              </span>
            </div>
          </div>
        </div>
        <div
          class="sheet__content"
        >
          <p>
            Some content inside of the sheet...
          </p>
          <p>
            Lorem ipsum dolor sit amet, consectetur adipisicing elit. Ad aperiam assumenda commodi, consectetur, cupiditate et illo, laborum minus nihil officia porro provident quidem quisquam ratione recusandae sit ut? Perspiciatis, voluptas.
          </p>
          <p>
            A atque consequatur consequuntur cupiditate deleniti dolorem earum omnis, quasi quis ratione sed, tempora veritatis voluptas! A ad animi beatae dolor dolore doloremque dolores facilis ipsam, nesciunt odio quasi quisquam.
          </p>
        </div>
      </div>
    </div>
  </body>,
  "container": <div>
    <div
      class="sheet"
    >
      <div
        class="sheet__header"
      >
        <h1>
          Sheet Title
        </h1>
        <div>
          <div
            class="link-button"
            role="button"
          >
            <div
              class="icon"
              style="width: 14px; height: 14px;"
            >
              <svg
                height="14"
                viewBox="0 0 24 24"
                width="14"
                xmlns="http://www.w3.org/2000/svg"
              >
                <path
                  d="M12 2a10 10 0 110 20 10 10 0 010-20zm0-2a12 12 0 100 24 12 12 0 000-24zm6 13h-5v5h-2v-5H6v-2h5V6h2v5h5v2z"
                />
              </svg>
            </div>
            <span>
              Add something
            </span>
          </div>
        </div>
      </div>
      <div
        class="sheet__content"
      >
        <p>
          Some content inside of the sheet...
        </p>
        <p>
          Lorem ipsum dolor sit amet, consectetur adipisicing elit. Ad aperiam assumenda commodi, consectetur, cupiditate et illo, laborum minus nihil officia porro provident quidem quisquam ratione recusandae sit ut? Perspiciatis, voluptas.
        </p>
        <p>
          A atque consequatur consequuntur cupiditate deleniti dolorem earum omnis, quasi quis ratione sed, tempora veritatis voluptas! A ad animi beatae dolor dolore doloremque dolores facilis ipsam, nesciunt odio quasi quisquam.
        </p>
      </div>
    </div>
  </div>,
  "debug": [Function],
  "findAllByAltText": [Function],
  "findAllByDisplayValue": [Function],
  "findAllByLabelText": [Function],
  "findAllByPlaceholderText": [Function],
  "findAllByRole": [Function],
  "findAllByTestId": [Function],
  "findAllByText": [Function],
  "findAllByTitle": [Function],
  "findByAltText": [Function],
  "findByDisplayValue": [Function],
  "findByLabelText": [Function],
  "findByPlaceholderText": [Function],
  "findByRole": [Function],
  "findByTestId": [Function],
  "findByText": [Function],
  "findByTitle": [Function],
  "getAllByAltText": [Function],
  "getAllByDisplayValue": [Function],
  "getAllByLabelText": [Function],
  "getAllByPlaceholderText": [Function],
  "getAllByRole": [Function],
  "getAllByTestId": [Function],
  "getAllByText": [Function],
  "getAllByTitle": [Function],
  "getByAltText": [Function],
  "getByDisplayValue": [Function],
  "getByLabelText": [Function],
  "getByPlaceholderText": [Function],
  "getByRole": [Function],
  "getByTestId": [Function],
  "getByText": [Function],
  "getByTitle": [Function],
  "queryAllByAltText": [Function],
  "queryAllByDisplayValue": [Function],
  "queryAllByLabelText": [Function],
  "queryAllByPlaceholderText": [Function],
  "queryAllByRole": [Function],
  "queryAllByTestId": [Function],
  "queryAllByText": [Function],
  "queryAllByTitle": [Function],
  "queryByAltText": [Function],
  "queryByDisplayValue": [Function],
  "queryByLabelText": [Function],
  "queryByPlaceholderText": [Function],
  "queryByRole": [Function],
  "queryByTestId": [Function],
  "queryByText": [Function],
  "queryByTitle": [Function],
  "rerender": [Function],
  "unmount": [Function],
}
`;
