// Jest Snapshot v1, https://goo.gl/fbAQLP

exports[`FormControl should render children 1`] = `
<div>
  <div
    class="formControlWrapper"
  >
    some text
  </div>
</div>
`;
