// Jest Snapshot v1, https://goo.gl/fbAQLP

exports[`FinancialContent should render 1`] = `
<div>
  <div
    class="Page-module_pageContainer__26bqU"
  >
    <header
      class="Page-module_pageHeader__36DgL"
    >
      <h1>
        Overview
      </h1>
    </header>
    <div
      class="Page-module_pageContent__3_kgD"
    >
      financial overview page
    </div>
  </div>
</div>
`;
