// Jest Snapshot v1, https://goo.gl/fbAQLP

exports[`PageContent should render 1`] = `
<div>
  <div
    class="pageContent"
  >
    <p>
      Some content
    </p>
  </div>
</div>
`;
