// Jest Snapshot v1, https://goo.gl/fbAQLP

exports[`Page should render 1`] = `
<div>
  <div
    class="pageContainer"
  >
    <header
      class="pageHeader"
    >
      <h1>
        Page title
      </h1>
    </header>
    <div
      class="pageContentWrapper"
    >
      <p>
        Some content
      </p>
    </div>
  </div>
</div>
`;
